../Core/Src/main.c:197:5:main	24	static
../Core/Src/main.c:408:6:SystemClock_Config	64	static
../Core/Src/main.c:445:13:MX_SPI1_Init	8	static
../Core/Src/main.c:485:13:MX_GPIO_Init	32	static
../Core/Src/main.c:509:6:initDisplay	8	static
../Core/Src/main.c:519:6:clearDisplay	16	static
../Core/Src/main.c:530:6:fillDisplay	24	static
../Core/Src/main.c:540:6:drawSprite	72	dynamic
../Core/Src/main.c:735:6:tx_start_frame	8	static
../Core/Src/main.c:740:6:tx_end_frame	16	static
../Core/Src/main.c:745:6:updateDisplay	40	static
../Core/Src/main.c:777:10:RGB_to_BGR	32	static
../Core/Src/main.c:791:6:Error_Handler	8	static,ignoring_inline_asm
