../Core/Src/main.c:89:5:main	16	static
../Core/Src/main.c:202:6:SystemClock_Config	64	static
../Core/Src/main.c:239:13:MX_ADC1_Init	24	static
../Core/Src/main.c:298:13:MX_I2C1_Init	8	static
../Core/Src/main.c:346:13:MX_SPI1_Init	8	static
../Core/Src/main.c:386:13:MX_GPIO_Init	48	static
../Core/Src/main.c:434:6:LED_init	8	static
../Core/Src/main.c:441:6:LED_clear	16	static
../Core/Src/main.c:448:6:tx_start_frame	8	static
../Core/Src/main.c:453:6:tx_end_frame	16	static
../Core/Src/main.c:463:6:Error_Handler	8	static,ignoring_inline_asm
